     1                                  section .data
     2 00000000 48656C6C6F2C20776F-     	msg1 db "Hello, world!", 10,0
     2 00000009 726C64210A00       
     3                                  	msg1len equ $-msg1
     4 0000000F 596F7572207475726E-     	msg2 db "Your turn: ", 0
     4 00000018 3A2000             
     5                                  	msg2len equ $-msg2
     6 0000001B 596F7520616E737765-     	msg3 db "You answered: ", 0
     6 00000024 7265643A2000       
     7                                  	msg3len equ $-msg3
     8                                  	inputlen equ 10 ; input buf len
     9                                  
    10                                  section .bss
    11 00000000 <res Bh>                	input resb inputlen +1 ; for end zero
    12                                  
    13                                  section .text
    14                                  	global main
    15                                  
    16                                  main:
    17 00000000 55                      push rbp
    18 00000001 4889E5                  mov rbp, rsp
    19 00000004 48BE-                   	mov rsi, msg1
    19 00000006 [0000000000000000] 
    20 0000000E BA0F000000              	mov rdx, msg1len
    21 00000013 E852000000              	call prints
    22 00000018 48BE-                   	mov rsi, msg2
    22 0000001A [0F00000000000000] 
    23 00000022 BA0C000000              	mov rdx, msg2len
    24 00000027 E83E000000              	call prints
    25 0000002C 48BE-                   	mov rsi, input
    25 0000002E [0000000000000000] 
    26 00000036 BA0A000000              	mov rdx, inputlen
    27 0000003B E83C000000              	call reads
    28 00000040 48BE-                   	mov rsi, msg3
    28 00000042 [1B00000000000000] 
    29 0000004A BA0F000000              	mov rdx, msg3len
    30 0000004F E816000000              	call prints
    31 00000054 48BE-                   	mov rsi, input
    31 00000056 [0000000000000000] 
    32 0000005E BA0A000000              	mov rdx, inputlen
    33 00000063 E802000000              	call prints
    34 00000068 C9                      leave
    35 00000069 C3                      ret
    36                                  
    37                                  prints:
    38 0000006A 55                      push rbp
    39 0000006B 4889E5                  mov rbp, rsp
    40                                  ;rsi : str addr
    41                                  ;rdx str len
    42 0000006E B801000000              	mov rax, 1 ; write
    43 00000073 BF01000000              	mov rdi, 1 ;stdout
    44 00000078 0F05                    	syscall
    45 0000007A C9                      leave
    46 0000007B C3                      ret
    47                                  
    48                                  reads:
    49 0000007C 55                      push rbp
    50 0000007D 4889E5                  mov rbp, rsp
    51                                  ;rsi: input buf addr
    52                                  ;rdi input buf len
    53 00000080 B800000000              	mov rax, 0 ; read
    54 00000085 BF01000000              	mov rdi, 1 ;stdin
    55 0000008A 0F05                    	syscall
    56 0000008C C9                      leave
    57 0000008D C3                      ret
