     1                                  extern printf
     2                                  
     3                                  %define	double_it(r)	sal r, 1
     4                                  %macro	prntf	2
     5                                  section .data
     6                                  	%%arg1	db %1, 0
     7                                  	%%fmtint	db "%s%ld", 10, 0
     8                                  
     9                                  section .text
    10                                  	mov rdi, %%fmtint
    11                                  	mov rsi, %%arg1
    12                                  	mov rdx, [%2]
    13                                  	mov rax, 0
    14                                  	call printf
    15                                  %endmacro
    16                                  
    17                                  section .data
    18 00000000 0F00000000000000        	number dq 15
    19                                  
    20                                  section .bss
    21                                  section .text
    22                                  	global main
    23                                  
    24                                  main:
    25 00000000 55                      push rbp
    26 00000001 4889E5                  mov rbp, rsp
    27                                  	prntf "The number is ", number
     5                              <1> section .data
     6 00000008 546865206E756D6265- <1>  %%arg1 db %1, 0
     6 00000011 722069732000        <1>
     7 00000017 2573256C640A00      <1>  %%fmtint db "%s%ld", 10, 0
     8                              <1> 
     9                              <1> section .text
    10 00000004 48BF-               <1>  mov rdi, %%fmtint
    10 00000006 [1700000000000000]  <1>
    11 0000000E 48BE-               <1>  mov rsi, %%arg1
    11 00000010 [0800000000000000]  <1>
    12 00000018 488B1425[00000000]  <1>  mov rdx, [%2]
    13 00000020 B800000000          <1>  mov rax, 0
    14 00000025 E8(00000000)        <1>  call printf
    28 0000002A 488B0425[00000000]      	mov rax, [number]
    29 00000032 48D1E0                  	double_it(rax)
    30 00000035 48890425[00000000]      	mov [number], rax
    31                                  	prntf "The number times 2 is ", number
     5                              <1> section .data
     6 0000001E 546865206E756D6265- <1>  %%arg1 db %1, 0
     6 00000027 722074696D65732032- <1>
     6 00000030 2069732000          <1>
     7 00000035 2573256C640A00      <1>  %%fmtint db "%s%ld", 10, 0
     8                              <1> 
     9                              <1> section .text
    10 0000003D 48BF-               <1>  mov rdi, %%fmtint
    10 0000003F [3500000000000000]  <1>
    11 00000047 48BE-               <1>  mov rsi, %%arg1
    11 00000049 [1E00000000000000]  <1>
    12 00000051 488B1425[00000000]  <1>  mov rdx, [%2]
    13 00000059 B800000000          <1>  mov rax, 0
    14 0000005E E8(00000000)        <1>  call printf
    32 00000063 C9                      leave
    33 00000064 C3                      ret
